// Jest Snapshot v1, https://goo.gl/fbAQLP

exports[`Carousel Renders empty message if no data 1`] = `
<div>
  <div
    class="css-ahmskn-SkeletonTheme"
  >
    <div
      class="sc-cidCJl bsHAMR"
    >
      <div />
      <div
        class="sc-dkPtyc cRDQcT"
      >
        <div>
          <div
            class="sc-hKwCoD gKFhOv"
            color="primary"
            font-size="4"
            font-weight="bold"
          >
            Movies
          </div>
        </div>
      </div>
      <div
        class="sc-cCcYRi cdLqPU"
      >
        <div
          class="slick-slider slick-initialized"
        >
          
          <div
            class="slick-list"
          >
            <div
              class="slick-track"
              style="opacity: 1; transform: translate3d(0px, 0px, 0px);"
            >
              <div
                aria-hidden="false"
                class="slick-slide slick-active slick-current"
                data-index="0"
                style="outline: none; width: 0px;"
                tabindex="-1"
              >
                <div>
                  <div
                    style="width: 100%; display: inline-block;"
                    tabindex="-1"
                  >
                    <div
                      class="sc-dkPtyc dxsGev"
                      height="100%"
                    >
                      No data available
                    </div>
                  </div>
                </div>
              </div>
              <div
                aria-hidden="false"
                class="slick-slide slick-active slick-cloned"
                data-index="1"
                style="width: 0px;"
                tabindex="-1"
              >
                <div>
                  <div
                    style="width: 100%; display: inline-block;"
                    tabindex="-1"
                  >
                    <div
                      class="sc-dkPtyc dxsGev"
                      height="100%"
                    >
                      No data available
                    </div>
                  </div>
                </div>
              </div>
            </div>
          </div>
          
          
        </div>
      </div>
    </div>
  </div>
</div>
`;
